\BOOKMARK [1][-]{section.1}{\376\377\301\034\270\140}{}% 1
\BOOKMARK [2][-]{subsection.1.1}{\376\377\273\070\310\034\000\040\310\034\256\060\000\040\274\017\000\040\305\360\255\154\000\040\274\060\254\275}{section.1}% 2
\BOOKMARK [2][-]{subsection.1.2}{\376\377\301\040\325\211\305\360\255\154\306\100\000\040\305\360\255\154\307\130\000\040\274\224\307\004}{section.1}% 3
\BOOKMARK [2][-]{subsection.1.3}{\376\377\305\360\255\154\000\040\272\251\310\001\254\374\000\040\305\360\255\154\000\040\311\310\273\070}{section.1}% 4
\BOOKMARK [1][-]{section.2}{\376\377\307\164\270\140\310\001\000\040\274\060\254\275}{}% 5
\BOOKMARK [2][-]{subsection.2.1}{\376\377\254\340\307\245\000\040\307\040\326\025\254\374\000\040\302\334\254\004\000-\310\374\323\014\302\030\000\040\324\134\326\004}{section.2}% 6
\BOOKMARK [2][-]{subsection.2.2}{\376\377\307\164\273\370\311\300\000\040\275\204\271\130\306\100\000\040\322\271\311\325\000\040\302\334\254\304\305\364\000\040\275\204\271\130}{section.2}% 7
\BOOKMARK [2][-]{subsection.2.3}{\376\377\275\204\271\130\000\040\301\061\262\245\254\374\000\040\305\343\311\300\000\040\310\001\325\151\301\061\307\130\000\040\316\041\310\025}{section.2}% 8
\BOOKMARK [1][-]{section.3}{\376\377\305\360\255\154\000\040\274\051\274\225}{}% 9
\BOOKMARK [2][-]{subsection.3.1}{\376\377\263\160\307\164\321\060\000\040\315\234\314\230\306\100\000\040\275\204\301\035\000\040\263\000\300\301}{section.3}% 10
\BOOKMARK [2][-]{subsection.3.2}{\376\377\310\004\314\230\271\254\306\100\000\040\322\271\311\325\000\040\302\334\254\304\305\364\000\040\255\154\301\061}{section.3}% 11
\BOOKMARK [2][-]{subsection.3.3}{\376\377\310\010\263\000\315\225\000\040\274\017\000\040\314\050\302\030\315\225\000\040\326\125\307\245\000\040\322\271\311\325}{section.3}% 12
\BOOKMARK [2][-]{subsection.3.4}{\376\377\272\250\263\170\000\040\310\001\325\151\254\374\000\040\323\311\254\000\000\040\310\010\314\050}{section.3}% 13
\BOOKMARK [2][-]{subsection.3.5}{\376\377\305\343\311\300\000\040\315\224\270\140\000\040\316\041\310\025}{section.3}% 14
\BOOKMARK [1][-]{section.4}{\376\377\254\260\254\374\000\040\274\017\000\040\261\174\307\130}{}% 15
\BOOKMARK [2][-]{subsection.4.1}{\376\377\315\010\256\060\000\040\301\074\301\034\000\040\307\065\325\151\000\040\254\260\254\374}{section.4}% 16
\BOOKMARK [2][-]{subsection.4.2}{\376\377\326\125\307\245\000\040\322\271\311\325\254\374\000\040\314\050\302\030\315\225\000\040\254\260\325\151\307\130\000\040\326\250\254\374}{section.4}% 17
\BOOKMARK [2][-]{subsection.4.3}{\376\377\315\134\310\205\000\040\275\204\271\130\000\040\301\061\262\245\254\374\000\040\000D\000E\000M\000A\000G\000\040\306\044\271\130}{section.4}% 18
\BOOKMARK [2][-]{subsection.4.4}{\376\377\274\300\326\130\000\040\322\271\311\325\000\040\302\030\306\100\000\040\254\275\267\311\326\124\307\130\000\040\310\010\315\251}{section.4}% 19
\BOOKMARK [2][-]{subsection.4.5}{\376\377\000R\000a\000s\000p\000b\000e\000r\000r\000y\000\040\000P\000i\000\040\0004\307\130\000\040\315\224\270\140\000\040\311\300\305\360}{section.4}% 20
\BOOKMARK [2][-]{subsection.4.6}{\376\377\301\040\325\211\305\360\255\154\306\100\307\130\000\040\276\104\255\120\000\040\274\017\000\040\305\360\255\154\000\040\311\310\273\070\305\320\000\040\263\000\325\134\000\040\262\365\274\300}{section.4}% 21
\BOOKMARK [2][-]{subsection.4.7}{\376\377\325\134\254\304\306\100\000\040\326\304\301\215\000\040\305\360\255\154}{section.4}% 22
\BOOKMARK [1][-]{section.5}{\376\377\254\260\270\140}{}% 23
\BOOKMARK [1][-]{appendix.A}{\376\377\315\134\310\205\000\040\272\250\263\170\307\130\000\040\262\004\310\001\000\040\326\074\263\331\325\211\270\054}{}% 24
\BOOKMARK [1][-]{appendix.B}{\376\377\315\134\310\205\000\040\326\125\307\170\307\164\000\040\325\104\306\224\325\134\000\040\307\254\326\004\000\040\325\155\272\251}{}% 25
